// Jest Snapshot v1, https://goo.gl/fbAQLP

exports[`<App/> component create snapshot of App component 1`] = `ShallowWrapper {}`;
